INFO:     Started server process [24102]
INFO:     Waiting for application startup.
Loading models on cuda...
Loading weights:   0%|          | 0/201 [00:00<?, ?it/s]Loading weights: 100%|██████████| 201/201 [00:00<00:00, 15541.62it/s]
Loading weights:   0%|          | 0/201 [00:00<?, ?it/s]Loading weights: 100%|██████████| 201/201 [00:00<00:00, 11502.53it/s]
Could not create index immunex_alerts: Connection error caused by: ConnectionError(Connection error caused by: ProtocolError(('Connection aborted.', ConnectionResetError(104, 'Connection reset by peer'))))
Could not create index immunex_incidents: Connection error caused by: ConnectionError(Connection error caused by: ProtocolError(('Connection aborted.', ConnectionResetError(104, 'Connection reset by peer'))))
Could not create index immunex_playbooks: Connection error caused by: ConnectionError(Connection error caused by: ProtocolError(('Connection aborted.', ConnectionResetError(104, 'Connection reset by peer'))))
INFO:     Application startup complete.
INFO:     Uvicorn running on http://0.0.0.0:8001 (Press CTRL+C to quit)
All models loaded ✅
  CICIDS RoBERTa: models/roberta_layer1
  UNSW RoBERTa:   models/roberta_unsw
  Isolation Forest: loaded
  FAISS GPU index: 20030 vectors
  Kafka/Redis/ES:  connected
INFO:     127.0.0.1:41742 - "GET /health HTTP/1.1" 200 OK
INFO:     127.0.0.1:43544 - "GET /health HTTP/1.1" 200 OK
INFO:     127.0.0.1:43544 - "GET /health HTTP/1.1" 200 OK
/home/aditya/.venvs/immunex/lib64/python3.11/site-packages/sklearn/utils/validation.py:2691: UserWarning: X does not have valid feature names, but StandardScaler was fitted with feature names
  warnings.warn(
[Parallel(n_jobs=1)]: Done  49 tasks      | elapsed:    0.0s
[Parallel(n_jobs=1)]: Done 199 tasks      | elapsed:    0.0s
[Parallel(n_jobs=1)]: Done 200 out of 200 | elapsed:    0.0s finished
/home/aditya/.venvs/immunex/lib64/python3.11/site-packages/sklearn/utils/validation.py:2691: UserWarning: X does not have valid feature names, but StandardScaler was fitted with feature names
  warnings.warn(
INFO:     127.0.0.1:44750 - "POST /detect HTTP/1.1" 200 OK
